[
    {
        "item": {
            "text": "indeed fine hello foo"
        },
        "refIndex": 2,
        "matches": [
            {
                "indices": [
                    [
                        0,
                        10
                    ]
                ],
                "value": "indeed fine hello foo",
                "key": "text"
            }
        ],
        "score": 1.4901161193847656e-8
    }
]