[
    {
        "item": {
            "text": "hello word"
        },
        "refIndex": 0,
        "matches": [
            {
                "indices": [
                    [
                        0,
                        4
                    ]
                ],
                "value": "hello word",
                "key": "text"
            }
        ],
        "score": 8.569061098350962e-12
    }
]